// Jest Snapshot v1, https://goo.gl/fbAQLP

exports[`zoomCallbackGen should throw an error if field is not found 1`] = `"unable to find the field in the time series associated with the name _field.name"`;
